Token(type=TRACK, lexeme=track, literal=null, line=1)
Token(type=LABEL, lexeme=first, literal=null, line=1)
Token(type=EQUAL, lexeme==, literal=null, line=1)
Token(type=BEAT, lexeme=1, literal=1, line=1)
Token(type=TRACK, lexeme=track, literal=null, line=2)
Token(type=LABEL, lexeme=second, literal=null, line=2)
Token(type=EQUAL, lexeme==, literal=null, line=2)
Token(type=BEAT, lexeme=2, literal=2, line=2)
Token(type=TRACK, lexeme=track, literal=null, line=3)
Token(type=LABEL, lexeme=third, literal=null, line=3)
Token(type=EQUAL, lexeme==, literal=null, line=3)
Token(type=LABEL, lexeme=first, literal=null, line=3)
Token(type=MIX, lexeme=+, literal=null, line=3)
Token(type=LABEL, lexeme=second, literal=null, line=3)
Token(type=TRACK, lexeme=track, literal=null, line=4)
Token(type=LABEL, lexeme=again, literal=null, line=4)
Token(type=EQUAL, lexeme==, literal=null, line=4)
Token(type=LABEL, lexeme=third, literal=null, line=4)
Token(type=MINUS, lexeme=-, literal=null, line=4)
Token(type=LABEL, lexeme=first, literal=null, line=4)
Token(type=EOF, lexeme=, literal=null, line=5)
